
> pocket-app@0.1.0 build
> next build --webpack

Ôû▓ Next.js 16.1.6 (webpack)
- Environments: .env.local
- Experiments (use with caution):
  Ô£ô webpackBuildWorker

node.exe : ÔÜá The "middleware" file convention is 
deprecated. Please use "proxy" instead. Learn more: 
https://nextjs.org/docs/messages/middleware-to-proxy
En línea: 1 Carácter: 1
+ & "C:\Program Files\nodejs/node.exe" "C:\Program 
Files\nodejs/node_mo ...
+ ~~~~~~~~~~~~~~~~~~~~~~~~~~~~~~~~~~~~~~~~~~~~~~~~~~~
~~~~~~~~~~~~~~~~~~
    + CategoryInfo          : NotSpecified: (ÔÜá The 
    "middle...leware-to-proxy:String) [], RemoteExc  
  eption
    + FullyQualifiedErrorId : NativeCommandError
 
  Creating an optimized production build ...
Ô£ô Compiled successfully in 20.5s
  Running TypeScript ...
Failed to compile.

./app/dashboard/compras/page.tsx:1867:53
Type error: Cannot find name 'isCompleted'.

[0m [90m 1865 |[39m
 [90m 1866 |[39m                         {[90m/* 
Contador de 48h para confirmar recepci├│n/calificar 
*/[39m}
[31m[1m>[22m[39m[90m 1867 |[39m                
         {status [33m===[39m [32m'delivered'[39m 
[33m&&[39m [33m![39misCompleted [33m&&[39m (
 [90m      |[39m                                   
                  [31m[1m^[22m[39m
 [90m 1868 |[39m                           
[33m<[39m[33mCountdown48Hours[39m 
deliveredAt[33m=[39m{o[33m.[39mdelivered_at} 
isBuyer[33m=[39m{[36mtrue[39m} 
[33m/[39m[33m>[39m
 [90m 1869 |[39m                         )}
 [90m 1870 |[39m[0m
Next.js build worker exited with code: 1 and signal: 
null
