Ôû▓ Next.js 16.1.6 (Turbopack)
- Environments: .env.local
- Experiments (use with caution):
  Ô£ô webpackBuildWorker

node.exe : ÔÜá The 
"middleware" file 
convention is 
deprecated. Please 
use "proxy" 
instead. Learn 
more: https://nextjs
.org/docs/messages/m
iddleware-to-proxy
En línea: 1 
Carácter: 1
+ & "C:\Program File
s\nodejs/node.exe" 
"C:\Program Files\no
dejs/node_mo ...
+ ~~~~~~~~~~~~~~~~~~
~~~~~~~~~~~~~~~~~~~~
~~~~~~~~~~~~~~~~~~~~
~~~~~~~~~~~
    + CategoryInfo  
            : NotS  
  pecified: (ÔÜá    
 The "middle...l    
eware-to-proxy:    
String) [], Rem    
oteException
    + FullyQualifie 
   dErrorId : Nati  
  veCommandError
 
  Creating an optimized production build ...
Ô£ô Compiled successfully in 12.0s
  Running TypeScript ...
Failed to compile.

./components/listing
s/DynamicFeaturedCar
ousel.tsx:136:9
Type error: Type 
'CarouselItem[]' is 
not assignable to 
type 
'CarouselItem[]'. 
Two different types 
with this name 
exist, but they are 
unrelated.
  Property 
'seller_id' is 
missing in type 
'CarouselItem' but 
required in type 
'CarouselItem'.

[0m [90m 134 
|[39m       [33m<
[39m[33mProductCaro
usel[39m 
 [90m 135 |[39m   
      title[33m=[3
9m{title 
[33m||[39m default
Titles[type]} 
[31m[1m>[22m[39m
[90m 136 |[39m    
     items[33m=[39
m{items} 
 [90m     |[39m   
      
[31m[1m^[22m[39m
 [90m 137 |[39m   
      autoRotate[33
m=[39m{[36mtrue[3
9m}
 [90m 138 |[39m   
      rotateInterval
[33m=[39m{rotateIn
terval}
 [90m 139 |[39m   
    [33m/[39m[33m
>[39m[0m
Next.js build 
worker exited with 
code: 1 and signal: 
null
